IQ-TREE version 3.1.3 for Linux x86 64-bit built Jul 26 2026
Developed by Bui Quang Minh, Thomas Wong, Nhan Ly-Trong, Huaiyan Ren
Contributed by Lam-Tung Nguyen, Dominik Schrempf, Chris Bielow,
Olga Chernomor, Michael Woodhams, Diep Thi Hoang, Heiko Schmidt

Host:    DESKTOP-EAH3UIB (AVX2, FMA3, 7 GB RAM)
Command: iqtree3 -s NAC_trimmed.fasta -m MFP -B 1000 --alrt 1000 -T AUTO
Seed:    404581 (Using SPRNG - Scalable Parallel Random Number Generator)
Time:    Fri Sep 18 14:29:38 2026
Kernel:  AVX+FMA - auto-detect threads (8 CPU cores detected)

Reading alignment file NAC_trimmed.fasta ... Fasta format detected
Reading fasta file: done in 0.00288296 secs using 16.34% CPU
Alignment most likely contains protein sequences
Constructing alignment: done in 0.0021739 secs using 96.23% CPU
Alignment has 15 sequences with 281 columns, 183 distinct patterns
112 parsimony-informative, 47 singleton sites, 122 constant sites
                Gap/Ambiguity  Composition  p-value
Analyzing sequences: done in 8.29697e-05 secs using 895.5% CPU
   1  ANJ86372.1        0.36%    passed     99.94%
   2  KAL1214576.1      8.19%    passed     98.32%
   3  KAL2519989.1      6.76%    passed     99.39%
   4  NP_001236871.2    0.71%    passed     99.98%
   5  NP_001302748.1    9.25%    passed     94.85%
   6  NP_001352199.1    1.07%    passed     99.86%
   7  NP_177869.1      12.10%    passed     98.62%
   8  XP_006472812.2    0.36%    passed     99.32%
   9  XP_010416688.2   13.52%    passed     99.65%
  10  XP_010521273.1    0.71%    passed     99.92%
  11  XP_015575373.1    0.36%    passed     99.52%
  12  XP_021601298.2    0.36%    passed    100.00%
  13  XP_022993910.1    0.71%    passed     97.74%
  14  XP_034888993.1    4.27%    passed     99.93%
  15  XP_039000468.1    3.20%    passed    100.00%
****  TOTAL             4.13%  0 sequences failed composition chi2 test (p-value<5%; df=19)
Checking for duplicate sequences: done in 0.0119431 secs using 695.7% CPU


Create initial parsimony tree by phylogenetic likelihood library (PLL)... 0.009 seconds
Measuring multi-threading efficiency up to 8 CPU cores
Increase to 10 rounds for branch lengths
104 trees examined
Threads: 1 / Time: 8.081 sec / Speedup: 1.000 / Efficiency: 100% / LogL: -4116
Threads: 2 / Time: 6.334 sec / Speedup: 1.276 / Efficiency: 64% / LogL: -4116
Threads: 3 / Time: 5.027 sec / Speedup: 1.608 / Efficiency: 54% / LogL: -4116
Threads: 4 / Time: 4.685 sec / Speedup: 1.725 / Efficiency: 43% / LogL: -4116
Determining AUTO threadcount: done in 24.1368 secs using 227.2% CPU
BEST NUMBER OF THREADS: 3

Perform fast likelihood tree search using LG+I+G model...
Estimate model parameters (epsilon = 5.000)
Perform nearest neighbor interchange...
Estimate model parameters (epsilon = 1.000)
1. Initial log-likelihood: -3535.110
Optimal log-likelihood: -3535.108
Proportion of invariable sites: 0.215
Gamma shape alpha: 0.767
Parameters optimization took 1 rounds (0.031 sec)
Time for fast ML tree search: 0.166 seconds

NOTE: ModelFinder requires 5 MB RAM!
ModelFinder will test up to 1232 protein models (sample size: 281 epsilon: 0.100) ...
 No. Model         -LnL         df  AIC          AICc         BIC
Akaike Information Criterion:           JTT+G4
Corrected Akaike Information Criterion: JTT+G4
Bayesian Information Criterion:         JTT+G4
Best-fit model: JTT+G4 chosen according to BIC

All model information printed to NAC_trimmed.fasta.model.gz
CPU time for ModelFinder: 72.722 seconds (0h:1m:12s)
Wall-clock time for ModelFinder: 29.883 seconds (0h:0m:29s)
Generating 1000 samples for ultrafast bootstrap (seed: 404581)...

NOTE: 2 MB RAM (0 GB) is required!
Estimate model parameters (epsilon = 0.100)
1. Initial log-likelihood: -3496.279
2. Current log-likelihood: -3494.164
Optimal log-likelihood: -3494.071
Gamma shape alpha: 0.447
Parameters optimization took 2 rounds (0.069 sec)
Wrote distance file to... 
Computing ML distances based on estimated model parameters...
Calculating distance matrix: done in 0.0328479 secs using 300.1% CPU
Computing ML distances took 0.035969 sec (of wall-clock time) 0.105325 sec (of CPU time)
Setting up auxiliary I and S matrices: done in 9.60827e-05 secs using 396.5% CPU
Constructing RapidNJ tree: done in 0.000362873 secs using 291% CPU
Computing RapidNJ tree took 0.003849 sec (of wall-clock time) 0.008995 sec (of CPU time)
Log-likelihood of RapidNJ tree: -3498.305
--------------------------------------------------------------------
|             INITIALIZING CANDIDATE TREE SET                      |
--------------------------------------------------------------------
Generating 98 parsimony trees... 0.193 second
Computing log-likelihood of 98 initial trees ... 0.534 seconds
Current best score: -3494.071

Do NNI search on 20 best initial trees
Estimate model parameters (epsilon = 0.100)
BETTER TREE FOUND at iteration 1: -3493.936
Estimate model parameters (epsilon = 0.100)
BETTER TREE FOUND at iteration 6: -3493.743
Iteration 10 / LogL: -3493.757 / Time: 0h:0m:31s
Estimate model parameters (epsilon = 0.100)
BETTER TREE FOUND at iteration 12: -3493.582
Iteration 20 / LogL: -3493.952 / Time: 0h:0m:32s
Finish initializing candidate tree set (9)
Current best tree score: -3493.582 / CPU time: 2.388
Number of iterations: 20
--------------------------------------------------------------------
|               OPTIMIZING CANDIDATE TREE SET                      |
--------------------------------------------------------------------
Iteration 30 / LogL: -3497.633 / Time: 0h:0m:33s (0h:0m:10s left)
Iteration 40 / LogL: -3493.779 / Time: 0h:0m:34s (0h:0m:8s left)
Iteration 50 / LogL: -3494.063 / Time: 0h:0m:35s (0h:0m:6s left)
Log-likelihood cutoff on original alignment: -3528.710
Iteration 60 / LogL: -3493.758 / Time: 0h:0m:36s (0h:0m:5s left)
Iteration 70 / LogL: -3493.599 / Time: 0h:0m:37s (0h:0m:4s left)
Iteration 80 / LogL: -3493.648 / Time: 0h:0m:38s (0h:0m:3s left)
Iteration 90 / LogL: -3494.664 / Time: 0h:0m:39s (0h:0m:2s left)
Iteration 100 / LogL: -3493.792 / Time: 0h:0m:40s (0h:0m:1s left)
Log-likelihood cutoff on original alignment: -3528.583
NOTE: Bootstrap correlation coefficient of split occurrence frequencies: 0.997
Iteration 110 / LogL: -3493.585 / Time: 0h:0m:41s (0h:0m:9s left)
TREE SEARCH COMPLETED AFTER 113 ITERATIONS / Time: 0h:0m:41s

--------------------------------------------------------------------
|                    FINALIZING TREE SEARCH                        |
--------------------------------------------------------------------
Performs final model parameters optimization
Estimate model parameters (epsilon = 0.010)
1. Initial log-likelihood: -3493.582
Optimal log-likelihood: -3493.582
Gamma shape alpha: 0.437
Parameters optimization took 1 rounds (0.020 sec)
BEST SCORE FOUND : -3493.582

Testing tree branches by SH-like aLRT with 1000 replicates...
0.074 sec.
Creating bootstrap support values...
Split supports printed to NEXUS file NAC_trimmed.fasta.splits.nex
Total tree length: 2.776

Total number of iterations: 113
CPU time used for tree search: 33.968 sec (0h:0m:33s)
Wall-clock time used for tree search: 11.450 sec (0h:0m:11s)
Total CPU time used: 108.052 sec (0h:1m:48s)
Total wall-clock time used: 41.930 sec (0h:0m:41s)

Computing bootstrap consensus tree...
Reading input file NAC_trimmed.fasta.splits.nex...
15 taxa and 121 splits.
Consensus tree written to NAC_trimmed.fasta.contree
Reading input trees file NAC_trimmed.fasta.contree
Log-likelihood of consensus tree: -3493.782

Analysis results written to: 
  IQ-TREE report:                NAC_trimmed.fasta.iqtree
  Maximum-likelihood tree:       NAC_trimmed.fasta.treefile
  Likelihood distances:          NAC_trimmed.fasta.mldist

Ultrafast bootstrap approximation results written to:
  Split support values:          NAC_trimmed.fasta.splits.nex
  Consensus tree:                NAC_trimmed.fasta.contree
  Screen log file:               NAC_trimmed.fasta.log

Date and Time: Fri Sep 18 14:30:22 2026
